main.c:308:5:main	32	static
main.c:420:6:SystemClock_Config	88	static
main.c:466:13:MX_ADC1_Init	24	static
main.c:517:13:MX_SPI2_Init	16	static
main.c:541:13:MX_ADC2_Init	32	static
main.c:573:13:MX_CRC_Init	8	static
main.c:599:13:MX_I2S3_Init	8	static
main.c:633:13:MX_TIM3_Init	32	static
main.c:681:13:MX_DMA_Init	16	static
main.c:702:13:MX_I2C1_Init	8	static
main.c:724:13:MX_GPIO_Init	48	static
main.c:843:13:Handle_Key_TTP229	32	static
main.c:1063:13:Task_Keypad	24	static
main.c:1129:13:Stop_All_Sound	8	static
main.c:1142:13:Apply_Mode_Change	24	static
main.c:1204:13:Task_Joystick	16	static
main.c:1341:13:NSeq_PlayProcess	16	static
main.c:1372:13:Task_Sampler	24	static
main.c:1564:13:Task_LCD_ModeMenu	32	static
main.c:1615:13:Task_LCD_Sampler	8	static
main.c:1664:13:Task_Audio	8	static
main.c:1674:13:Task_Arpeggiator	16	static
main.c:1729:13:Task_Strum	4	static
main.c:1741:13:Task_LCD	136	static
main.c:1809:13:Task_LCD_Tuner	112	static
main.c:2024:13:Task_LCD_Chord	96	static
main.c:2062:13:Task_LCD_Arpeggio	64	static
main.c:2103:13:Rec_Feed_If_Active	16	static
main.c:2111:13:Task_LCD_Recorder	64	static
main.c:2190:13:Task_LCD_Recorder_List	120	static
main.c:2274:13:Task_LCD_Sampler_List	120	static
main.c:2353:16:Calculate_Real_Volume	24	static
main.c:2360:13:Apply_Volume	16	static
main.c:2368:13:Update_LEDs	16	static
main.c:2392:13:Task_RecCountdown	8	static
main.c:2416:13:Task_Recorder	16	static
main.c:2432:13:wu_apply_degree	24	static
main.c:2448:13:Task_Warmup	16	static
main.c:2510:13:Task_LCD_Warmup	64	static
main.c:2574:6:Error_Handler	4	static,ignoring_inline_asm
