main.c:272:5:main	32	static
main.c:375:6:SystemClock_Config	88	static
main.c:421:13:MX_ADC1_Init	24	static
main.c:472:13:MX_SPI2_Init	16	static
main.c:496:13:MX_ADC2_Init	32	static
main.c:528:13:MX_CRC_Init	8	static
main.c:554:13:MX_I2S3_Init	8	static
main.c:588:13:MX_TIM3_Init	32	static
main.c:631:13:MX_DMA_Init	16	static
main.c:652:13:MX_I2C1_Init	8	static
main.c:674:13:MX_GPIO_Init	48	static
main.c:784:13:Handle_Key_TTP229	40	static
main.c:910:13:Task_Keypad	24	static
main.c:969:13:Apply_Mode_Change	24	static
main.c:1008:13:Task_Joystick	24	static
main.c:1083:13:Task_Sampler	16	static
main.c:1142:13:Task_LCD_ModeMenu	32	static
main.c:1193:13:Task_LCD_Sampler	88	static
main.c:1255:13:Task_Audio	8	static
main.c:1264:13:Task_Arpeggiator	16	static
main.c:1312:13:Task_Strum	4	static
main.c:1324:13:Task_LCD	136	static
main.c:1392:13:Task_LCD_Tuner	96	static
main.c:1560:13:Task_LCD_Chord	96	static
main.c:1598:13:Task_LCD_Arpeggio	64	static
main.c:1632:13:Task_LCD_Recorder	32	static
main.c:1680:16:Calculate_Real_Volume	24	static
main.c:1687:13:Apply_Volume	16	static
main.c:1695:13:Update_LEDs	16	static
main.c:1719:13:Task_RecCountdown	8	static
main.c:1736:13:wu_apply_degree	24	static
main.c:1752:13:Task_Warmup	16	static
main.c:1813:13:Task_LCD_Warmup	64	static
main.c:1870:6:Error_Handler	4	static,ignoring_inline_asm
