12:38:35 **** Incremental Build of configuration Debug for project adc_test ****
make -j8 all 
arm-none-eabi-gcc "../Core/Src/main.c" -mcpu=cortex-m4 -std=gnu11 -g3 -DDEBUG -DUSE_HAL_DRIVER -DSTM32F407xx -c -I../Core/Inc -I../Drivers/STM32F4xx_HAL_Driver/Inc -I../Drivers/STM32F4xx_HAL_Driver/Inc/Legacy -I../Drivers/CMSIS/Device/ST/STM32F4xx/Include -I../Drivers/CMSIS/Include -O0 -ffunction-sections -fdata-sections -Wall -fstack-usage -MMD -MP -MF"Core/Src/main.d" -MT"Core/Src/main.o" --specs=nano.specs -mfpu=fpv4-sp-d16 -mfloat-abi=hard -mthumb -o "Core/Src/main.o"
../Core/Src/main.c: In function 'main':
../Core/Src/main.c:106:13: warning: unused variable 'jy' [-Wunused-variable]
  106 |    uint16_t jy = HAL_ADC_GetValue(&hadc1);
      |             ^~
arm-none-eabi-gcc -o "adc_test.elf" @"objects.list"   -mcpu=cortex-m4 -T"C:\Users\karin\OneDrive\Desktop\new_diplom\kamerton - Copy (4)\fff'\adc_test\STM32F407VGTX_FLASH.ld" --specs=nosys.specs -Wl,-Map="adc_test.map" -Wl,--gc-sections -static --specs=nano.specs -mfpu=fpv4-sp-d16 -mfloat-abi=hard -mthumb -Wl,--start-group -lc -lm -Wl,--end-group
Finished building target: adc_test.elf
 
arm-none-eabi-size   adc_test.elf 
arm-none-eabi-objdump -h -S  adc_test.elf  > "adc_test.list"
arm-none-eabi-objcopy  -O binary  adc_test.elf  "adc_test.bin"
   text	   data	    bss	    dec	    hex	filename
   8048	     20	   1716	   9784	   2638	adc_test.elf
Finished building: default.size.stdout
 
Finished building: adc_test.bin
 
Finished building: adc_test.list
 

12:38:36 Build Finished. 0 errors, 1 warnings. (took 679ms)

