main.c:308:5:main	32	static
main.c:419:6:SystemClock_Config	88	static
main.c:465:13:MX_ADC1_Init	24	static
main.c:516:13:MX_SPI2_Init	16	static
main.c:540:13:MX_ADC2_Init	32	static
main.c:572:13:MX_CRC_Init	8	static
main.c:598:13:MX_I2S3_Init	8	static
main.c:632:13:MX_TIM3_Init	32	static
main.c:680:13:MX_DMA_Init	16	static
main.c:701:13:MX_I2C1_Init	8	static
main.c:723:13:MX_GPIO_Init	48	static
main.c:842:13:Handle_Key_TTP229	32	static
main.c:1062:13:Task_Keypad	24	static
main.c:1132:13:Apply_Mode_Change	24	static
main.c:1194:13:Task_Joystick	16	static
main.c:1320:13:NSeq_PlayProcess	16	static
main.c:1351:13:Task_Sampler	24	static
main.c:1543:13:Task_LCD_ModeMenu	32	static
main.c:1594:13:Task_LCD_Sampler	8	static
main.c:1643:13:Task_Audio	8	static
main.c:1653:13:Task_Arpeggiator	16	static
main.c:1708:13:Task_Strum	4	static
main.c:1720:13:Task_LCD	136	static
main.c:1788:13:Task_LCD_Tuner	96	static
main.c:1965:13:Task_LCD_Chord	96	static
main.c:2003:13:Task_LCD_Arpeggio	64	static
main.c:2044:13:Rec_Feed_If_Active	16	static
main.c:2052:13:Task_LCD_Recorder	64	static
main.c:2131:13:Task_LCD_Recorder_List	120	static
main.c:2215:13:Task_LCD_Sampler_List	120	static
main.c:2294:16:Calculate_Real_Volume	24	static
main.c:2301:13:Apply_Volume	16	static
main.c:2309:13:Update_LEDs	16	static
main.c:2333:13:Task_RecCountdown	8	static
main.c:2357:13:Task_Recorder	16	static
main.c:2373:13:wu_apply_degree	24	static
main.c:2389:13:Task_Warmup	16	static
main.c:2451:13:Task_LCD_Warmup	64	static
main.c:2515:6:Error_Handler	4	static,ignoring_inline_asm
