sd_recorder.c:32:6:SDRec_SetYield	16	static
sd_recorder.c:37:20:sd_yield	8	static
sd_recorder.c:69:13:hold_mic_data	16	static
sd_recorder.c:83:9:SDRec_GetMountError	4	static
sd_recorder.c:87:13:ensure_mounted	8	static
sd_recorder.c:99:6:SDRec_Format	24	static
sd_recorder.c:131:6:SDRec_Init	8	static
sd_recorder.c:147:6:SDRec_Scan	384	static
sd_recorder.c:197:9:SDRec_GetCount	4	static
sd_recorder.c:198:9:SDRec_IsMounted	4	static
sd_recorder.c:200:22:SDRec_GetEntry	16	static
sd_recorder.c:206:13:find_next_fname	360	static
sd_recorder.c:222:6:SDRec_SaveFromRecorder	680	static
sd_recorder.c:284:6:SDRec_Load	672	static
sd_recorder.c:330:6:SDRec_Delete	80	static
sd_recorder.c:349:10:SDRec_IsLiveRecording	4	static
sd_recorder.c:350:10:SDRec_GetLiveBytes	4	static
sd_recorder.c:352:6:SDRec_LiveStart	80	static
sd_recorder.c:395:13:live_flush	24	static
sd_recorder.c:422:6:SDRec_LiveFeed	24	static
sd_recorder.c:437:6:SDRec_LiveStop	72	static
