main.c:290:5:main	32	static
main.c:400:6:SystemClock_Config	88	static
main.c:446:13:MX_ADC1_Init	24	static
main.c:497:13:MX_SPI2_Init	16	static
main.c:521:13:MX_ADC2_Init	32	static
main.c:553:13:MX_CRC_Init	8	static
main.c:579:13:MX_I2S3_Init	8	static
main.c:613:13:MX_TIM3_Init	32	static
main.c:659:13:MX_DMA_Init	16	static
main.c:680:13:MX_I2C1_Init	8	static
main.c:702:13:MX_GPIO_Init	48	static
main.c:821:13:Handle_Key_TTP229	32	static
main.c:1041:13:Task_Keypad	24	static
main.c:1111:13:Apply_Mode_Change	24	static
main.c:1163:13:Task_Joystick	16	static
main.c:1256:13:Task_Sampler	16	static
main.c:1329:13:Task_LCD_ModeMenu	32	static
main.c:1380:13:Task_LCD_Sampler	88	static
main.c:1442:13:Task_Audio	8	static
main.c:1452:13:Task_Arpeggiator	16	static
main.c:1507:13:Task_Strum	4	static
main.c:1519:13:Task_LCD	136	static
main.c:1587:13:Task_LCD_Tuner	96	static
main.c:1755:13:Task_LCD_Chord	96	static
main.c:1793:13:Task_LCD_Arpeggio	64	static
main.c:1827:13:Task_LCD_Recorder	64	static
main.c:1902:13:Task_LCD_Recorder_List	88	static
main.c:1964:16:Calculate_Real_Volume	24	static
main.c:1971:13:Apply_Volume	16	static
main.c:1979:13:Update_LEDs	16	static
main.c:2003:13:Task_RecCountdown	8	static
main.c:2027:13:Task_Recorder	16	static
main.c:2043:13:wu_apply_degree	24	static
main.c:2059:13:Task_Warmup	16	static
main.c:2121:13:Task_LCD_Warmup	64	static
main.c:2185:6:Error_Handler	4	static,ignoring_inline_asm
