sd_recorder.c:31:6:SDRec_SetYield	16	static
sd_recorder.c:36:20:sd_yield	8	static
sd_recorder.c:59:9:SDRec_GetMountError	4	static
sd_recorder.c:63:13:ensure_mounted	8	static
sd_recorder.c:75:6:SDRec_Format	24	static
sd_recorder.c:107:6:SDRec_Init	8	static
sd_recorder.c:123:6:SDRec_Scan	384	static
sd_recorder.c:173:9:SDRec_GetCount	4	static
sd_recorder.c:174:9:SDRec_IsMounted	4	static
sd_recorder.c:176:22:SDRec_GetEntry	16	static
sd_recorder.c:182:13:find_next_fname	360	static
sd_recorder.c:198:6:SDRec_SaveFromRecorder	680	static
sd_recorder.c:260:6:SDRec_Load	672	static
sd_recorder.c:306:6:SDRec_Delete	80	static
sd_recorder.c:325:10:SDRec_IsLiveRecording	4	static
sd_recorder.c:326:10:SDRec_GetLiveBytes	4	static
sd_recorder.c:328:6:SDRec_LiveStart	80	static
sd_recorder.c:358:13:live_flush	16	static
sd_recorder.c:375:6:SDRec_LiveFeed	24	static
sd_recorder.c:388:6:SDRec_LiveStop	72	static
