main.c:264:5:main	32	static
main.c:367:6:SystemClock_Config	88	static
main.c:413:13:MX_ADC1_Init	24	static
main.c:464:13:MX_SPI2_Init	16	static
main.c:488:13:MX_ADC2_Init	32	static
main.c:520:13:MX_CRC_Init	8	static
main.c:546:13:MX_I2S3_Init	8	static
main.c:580:13:MX_TIM3_Init	32	static
main.c:623:13:MX_DMA_Init	16	static
main.c:644:13:MX_I2C1_Init	8	static
main.c:666:13:MX_GPIO_Init	48	static
main.c:776:13:Handle_Key_TTP229	40	static
main.c:904:13:Task_Keypad	16	static
main.c:916:13:Apply_Mode_Change	24	static
main.c:950:13:Task_Joystick	24	static
main.c:1025:13:Task_Sampler	8	static
main.c:1042:13:Task_LCD_ModeMenu	32	static
main.c:1093:13:Task_LCD_Sampler	56	static
main.c:1146:13:Task_Audio	8	static
main.c:1155:13:Task_Arpeggiator	16	static
main.c:1203:13:Task_Strum	8	static
main.c:1227:13:Task_LCD	136	static
main.c:1295:13:Task_LCD_Tuner	112	static
main.c:1467:13:Task_LCD_Chord	96	static
main.c:1505:13:Task_LCD_Arpeggio	64	static
main.c:1539:13:Task_LCD_Recorder	32	static
main.c:1585:16:Calculate_Real_Volume	24	static
main.c:1592:13:Apply_Volume	16	static
main.c:1600:13:Update_LEDs	16	static
main.c:1625:13:Task_RecCountdown	8	static
main.c:1642:13:wu_apply_degree	24	static
main.c:1658:13:Task_Warmup	16	static
main.c:1719:13:Task_LCD_Warmup	64	static
main.c:1776:6:Error_Handler	4	static,ignoring_inline_asm
