sd_recorder.c:32:6:SDRec_SetYield	16	static
sd_recorder.c:37:20:sd_yield	8	static
sd_recorder.c:68:13:hold_mic_data	16	static
sd_recorder.c:82:9:SDRec_GetMountError	4	static
sd_recorder.c:86:13:ensure_mounted	8	static
sd_recorder.c:98:6:SDRec_Format	24	static
sd_recorder.c:130:6:SDRec_Init	8	static
sd_recorder.c:146:6:SDRec_Scan	384	static
sd_recorder.c:196:9:SDRec_GetCount	4	static
sd_recorder.c:197:9:SDRec_IsMounted	4	static
sd_recorder.c:199:22:SDRec_GetEntry	16	static
sd_recorder.c:205:13:find_next_fname	360	static
sd_recorder.c:221:6:SDRec_SaveFromRecorder	680	static
sd_recorder.c:283:6:SDRec_Load	672	static
sd_recorder.c:329:6:SDRec_Delete	80	static
sd_recorder.c:348:10:SDRec_IsLiveRecording	4	static
sd_recorder.c:349:10:SDRec_GetLiveBytes	4	static
sd_recorder.c:351:6:SDRec_LiveStart	80	static
sd_recorder.c:387:13:live_flush	24	static
sd_recorder.c:414:6:SDRec_LiveFeed	24	static
sd_recorder.c:427:6:SDRec_LiveStop	72	static
