main.c:288:5:main	32	static
main.c:394:6:SystemClock_Config	88	static
main.c:440:13:MX_ADC1_Init	24	static
main.c:491:13:MX_SPI2_Init	16	static
main.c:515:13:MX_ADC2_Init	32	static
main.c:547:13:MX_CRC_Init	8	static
main.c:573:13:MX_I2S3_Init	8	static
main.c:607:13:MX_TIM3_Init	32	static
main.c:653:13:MX_DMA_Init	16	static
main.c:674:13:MX_I2C1_Init	8	static
main.c:696:13:MX_GPIO_Init	48	static
main.c:806:13:Handle_Key_TTP229	32	static
main.c:1012:13:Task_Keypad	24	static
main.c:1071:13:Apply_Mode_Change	24	static
main.c:1116:13:Task_Joystick	16	static
main.c:1209:13:Task_Sampler	16	static
main.c:1297:13:Task_LCD_ModeMenu	32	static
main.c:1348:13:Task_LCD_Sampler	88	static
main.c:1410:13:Task_Audio	8	static
main.c:1419:13:Task_Arpeggiator	16	static
main.c:1467:13:Task_Strum	4	static
main.c:1479:13:Task_LCD	136	static
main.c:1547:13:Task_LCD_Tuner	96	static
main.c:1715:13:Task_LCD_Chord	96	static
main.c:1753:13:Task_LCD_Arpeggio	64	static
main.c:1787:13:Task_LCD_Recorder	64	static
main.c:1850:13:Task_LCD_Recorder_List	88	static
main.c:1912:16:Calculate_Real_Volume	24	static
main.c:1919:13:Apply_Volume	16	static
main.c:1927:13:Update_LEDs	16	static
main.c:1951:13:Task_RecCountdown	8	static
main.c:1975:13:Task_Recorder	16	static
main.c:1991:13:wu_apply_degree	24	static
main.c:2007:13:Task_Warmup	16	static
main.c:2069:13:Task_LCD_Warmup	64	static
main.c:2133:6:Error_Handler	4	static,ignoring_inline_asm
