sd_recorder.c:30:6:SDRec_SetYield	16	static
sd_recorder.c:35:20:sd_yield	8	static
sd_recorder.c:56:13:ensure_mounted	8	static
sd_recorder.c:67:6:SDRec_Init	8	static
sd_recorder.c:83:6:SDRec_Scan	384	static
sd_recorder.c:133:9:SDRec_GetCount	4	static
sd_recorder.c:134:9:SDRec_IsMounted	4	static
sd_recorder.c:136:22:SDRec_GetEntry	16	static
sd_recorder.c:142:13:find_next_fname	360	static
sd_recorder.c:158:6:SDRec_SaveFromRecorder	680	static
sd_recorder.c:220:6:SDRec_Load	672	static
sd_recorder.c:266:6:SDRec_Delete	80	static
sd_recorder.c:285:10:SDRec_IsLiveRecording	4	static
sd_recorder.c:286:10:SDRec_GetLiveBytes	4	static
sd_recorder.c:288:6:SDRec_LiveStart	80	static
sd_recorder.c:318:13:live_flush	16	static
sd_recorder.c:335:6:SDRec_LiveFeed	24	static
sd_recorder.c:348:6:SDRec_LiveStop	72	static
