sd_recorder.c:32:6:SDRec_SetYield	16	static
sd_recorder.c:37:20:sd_yield	8	static
sd_recorder.c:90:13:hold_mic_data	16	static
sd_recorder.c:104:9:SDRec_GetMountError	4	static
sd_recorder.c:108:13:ensure_mounted	8	static
sd_recorder.c:120:6:SDRec_Format	24	static
sd_recorder.c:152:6:SDRec_Init	16	static
sd_recorder.c:185:6:SDRec_Scan	384	static
sd_recorder.c:235:9:SDRec_GetCount	4	static
sd_recorder.c:236:9:SDRec_IsMounted	4	static
sd_recorder.c:238:22:SDRec_GetEntry	16	static
sd_recorder.c:244:13:find_next_fname	360	static
sd_recorder.c:260:6:SDRec_SaveFromRecorder	680	static
sd_recorder.c:322:6:SDRec_Load	672	static
sd_recorder.c:368:6:SDRec_Delete	80	static
sd_recorder.c:387:10:SDRec_IsLiveRecording	4	static
sd_recorder.c:388:10:SDRec_GetLiveBytes	4	static
sd_recorder.c:390:6:SDRec_LiveStart	80	static
sd_recorder.c:440:13:live_flush	24	static
sd_recorder.c:467:6:SDRec_LiveFeed	40	static
sd_recorder.c:506:6:SDRec_LiveStop	72	static
