23:57:00 **** Incremental Build of configuration Debug for project audio_i2s ****
make -j8 all 
arm-none-eabi-size   audio_i2s.elf 
   text	   data	    bss	    dec	    hex	filename
  87516	  65368	 106744	 259628	  3f62c	audio_i2s.elf
Finished building: default.size.stdout
 
23:57:01 **** Incremental Build of configuration Debug for project audio_i2s ****
make -j8 all 
arm-none-eabi-size   audio_i2s.elf 
   text	   data	    bss	    dec	    hex	filename
  87516	  65368	 106744	 259628	  3f62c	audio_i2s.elf
Finished building: default.size.stdout
 
