spi_diskio.c:25:23:spi_tx	32	static
spi_diskio.c:32:20:spi_rx_buf	24	static
spi_diskio.c:38:20:spi_tx_buf	536	static
spi_diskio.c:67:13:sd_deselect	8	static
spi_diskio.c:73:16:sd_wait_ready	24	static
spi_diskio.c:82:16:sd_select	8	static
spi_diskio.c:92:16:sd_cmd	24	static
spi_diskio.c:122:16:sd_read_datablock	24	static
spi_diskio.c:135:16:sd_write_datablock	24	static
spi_diskio.c:151:16:SPI_Initialize	40	static
spi_diskio.c:216:16:SPI_GetStatus	16	static
spi_diskio.c:222:16:SPI_Read	32	static
spi_diskio.c:256:16:SPI_Write	32	static
spi_diskio.c:290:16:SPI_Ioctl	56	static
