main.c:230:5:main	8	static
main.c:313:6:SystemClock_Config	88	static
main.c:357:13:MX_CRC_Init	8	static
main.c:384:13:MX_I2C1_Init	8	static
main.c:418:13:MX_I2S3_Init	8	static
main.c:450:13:MX_DMA_Init	16	static
main.c:468:13:MX_GPIO_Init	48	static
main.c:512:13:Keypad_GPIO_Init	40	static
main.c:536:13:Keypad_Scan	16	static
main.c:568:13:Handle_Key	40	static
main.c:721:13:Task_Keypad	16	static
main.c:734:13:Task_Audio	8	static
main.c:743:13:Task_Arpeggiator	16	static
main.c:791:13:Task_Strum	8	static
main.c:815:13:Task_LCD	136	static
main.c:908:13:Task_LCD_Tuner	112	static
main.c:1124:13:Task_LCD_Chord	96	static
main.c:1166:13:Task_LCD_Arpeggio	64	static
main.c:1205:13:Task_LCD_Recorder	32	static
main.c:1254:16:Calculate_Real_Volume	24	static
main.c:1261:13:Apply_Volume	16	static
main.c:1269:13:Update_LEDs	16	static
main.c:1298:13:Task_RecCountdown	8	static
main.c:1319:13:wu_apply_degree	24	static
main.c:1342:13:Task_Warmup	16	static
main.c:1409:13:Task_LCD_Warmup	64	static
main.c:1466:6:Error_Handler	4	static,ignoring_inline_asm
